[paversongames.com/index.html]
[paversongames.com/cdn/fonts/montserrat/montserrat_n5.e72d00d31ae5399d260a80ec70322c62c18197626beb.woff2]
[paversongames.com/cdn/fonts/montserrat/montserrat_n7.c496e9cf2031deec4c4bca338faa81971c8631d494eb.woff2]
[paversongames.com/cdn/fonts/montserrat/montserrat_i5.3a4750a300f30824a43384268712b76e0a04be8caeb6.woff2]
[paversongames.com/cdn/fonts/montserrat/montserrat_i7.83866c3eec90071fa974c17980ffb42977f9e667ad5c.woff2]
[paversongames.com/cdn/fonts/crimson_text/crimsontext_n4.b27fe5dd7d0f6abe43305743449a9d7cb1ed9e6958e4.woff2]
[paversongames.com/cdn/fonts/crimson_text/crimsontext_n6.c47e03b3d993a969c0bc9ab0875ede980db72d48c137.woff2]
[paversongames.com/cdn/shop/t/5/assets/vendor.mineea2.js]
[paversongames.com/cdn/shop/t/5/assets/themedb0c.js]
[paversongames.com/cdn/shop/files/Paverson_Favicon6eae.png]
[backblue.gif]
[fade.gif]
[index.html]
[paversongames.com/cdn/shop/files/paverson-banner1_1200x12007c38.png]
[paversongames.com/cdn/shop/t/5/assets/styles8ffc.css]
[paversongames.com/en-ca.html]
[paversongames.com/modules/chunk.common_DCmY8Zac.esm.js]
[paversongames.com/modules/client.login-button_8knyv73M.en.esm.js]
[cdn.shopify.com/shopifycloud/storefront-forms-hcaptcha/ce_storefront_forms_captcha_hcaptcha.v1.4.0.iife.js]
[paversongames.com/cdn/shopifycloud/shopify/assets/storefront/load_feature-1060834584ef204397b1179782a1b090047ee4397cb627244ab89e03f65c4307.js]
[paversongames.com/cdn/shopifycloud/shopify/assets/shopify_pay/storefront-80e528be853eac23af2454534897ca9536b1d3d04aa043b042f34879a3c111c8b805.js]
[paversongames.com/cdn/shopifycloud/shopify/assets/storefront/features-1c0b396bd4d054b94abae1eb6a1bd6ba47beb35525c57a217c77a862ff06d83f.js]
[paversongames.com/POST]
[paversongames.com/cdn]
[paversongames.com/cdn/s/trekkie.storefront.a8ef5c2c4f1c6e0839c6b8857d0a2edb7d22d961.min.js]
[paversongames.com/cdn/shopifycloud/shopify/assets/shop_events_listener-61fa9e0a912c675e178777d2b27f6cbd482f8912a6b0aa31fa3515985a8cd626.js]
[paversongames.com/cdn/shopifycloud/perf-kit/shopify-perf-kit-1.0.1.min.js]
[paversongames.com/collections/all.html]
[paversongames.com/pages/about-us.html]
[paversongames.com/blogs/news.html]
[paversongames.com/pages/contact.html]
[paversongames.com/cdn/shop/files/PaversonLogo_Horizontal6027.png]
[paversongames.com/cdn/shop/files/PaversonLogo_Horizontal_Whitedfce.png]
[paversongames.com/search.html]
[paversongames.com/cart.html]
[paversongames.com/cdn/shop/files/luthier-box-black-wide-centered-SMALL_08e8e2f0-0fc1-4532-b295-2e2dfa8d57cc6778.png]
[paversongames.com/cdn/shop/files/Paverson-Games-Badge-18ccd.png]
[paversongames.com/collections/frontpage.html]
[paversongames.com/cdn/shop/products/Distilled-Board-Game_1_FullResd8f6.png]
[paversongames.com/cdn/shop/products/Paverson-Distilled-2023-HighRes-2bd8f6.jpg]
[paversongames.com/products/distilled-board-game.html]
[paversongames.com/cdn/shop/products/Africa-Middle-East-Expansion7346.png]
[paversongames.com/cdn/shop/products/Africa-Middle-East-Expansion_2b1e2.png]
[paversongames.com/products/distilled-africa-middle-east-expansion.html]
[paversongames.com/cdn/shop/products/Distilled-Promo-Packd306.png]
[paversongames.com/cdn/shop/products/Distilled-Promo-Pack_3d306.png]
[paversongames.com/products/distilled-promo-pack.html]
[paversongames.com/cdn/shop/files/Distilled-Table-Top_1f243.jpg]
[paversongames.com/collections/distilled-game.html]
[paversongames.com/cdn/shop/products/Distilled-Metal-Recipe-Cubes8402.png]
[paversongames.com/cdn/shop/products/Distilled-Metal-Recipe-Cubes_3e3bd.png]
[paversongames.com/products/distilled-metal-recipe-cubes.html]
[paversongames.com/cdn/shop/products/Distilled-Metal-Coinsae4d.png]
[paversongames.com/cdn/shop/products/Distilled-Metal-Coins_3b_69953da3-9780-44d3-b185-df62350fe8d50afd.jpg]
[paversongames.com/products/distilled-metal-coins.html]
[paversongames.com/cdn/shop/files/cask-strength-box-front-transparent_b2cae63e-9ec6-42a6-8cb7-249a276c0749915c.png]
[paversongames.com/cdn/shop/files/cask-strength-splayed-cards-top_b693ed45-010d-4f35-a008-ca181362fe43915c.png]
[paversongames.com/products/distilled-cask-strength-expansion-1.html]
[paversongames.com/cdn/shop/products/Distilled-Playmat3b60.png]
[paversongames.com/cdn/shop/products/Distilled-Playmat_33706.png]
[paversongames.com/products/distilled-playmat.html]
[paversongames.com/cdn/shop/files/Distilled-Coasters1f09.png]
[paversongames.com/cdn/shop/files/Distilled-Coasters_2b1f09.png]
[paversongames.com/products/distilled-coasters-1.html]
[paversongames.com/cdn/shop/files/Distilled-Shot-Glass_Front_e9724f00-5e33-43bc-ac05-947104a976000fe5.png]
[paversongames.com/cdn/shop/files/Distilled-Shot-Glass_Back_0d66121d-a6a7-4f45-b0af-7e90143c39c00fe5.png]
[paversongames.com/products/distilled-shot-glasses-1.html]
[paversongames.com/cdn/shop/files/Game-Play_3_9262d2f0-c21e-49ea-b166-655428c69229e1a6.jpg]
[paversongames.com/blogs/news/luthier-box-art-revealed-kickstarter-date-announced.html]
[paversongames.com/cdn/shop/articles/luthier-box-black-squaref0db.png]
[paversongames.com/blogs/news/announcing-a-new-distilled-expansion-cask-strength.html]
[paversongames.com/cdn/shop/articles/cask-strength-box-front-closeec77.png]
[paversongames.com/blogs/news/this-calls-for-a-han-guitar-solo.html]
[paversongames.com/cdn/shop/articles/Solo_Blog_2d0ab.jpg]
[paversongames.com/blogs/news/artists-for-luthier-announced.html]
[paversongames.com/cdn/shop/articles/artist-announcement-blog245b4.png]
[paversongames.com/cdn/shop/files/Distilled-Ingredients-1e9c9f.jpg]
[paversongames.com/pages/user-generator.html]
[paversongames.com/pages/privacy-policy.html]
[paversongames.com/cdn/shop/files/discourd_logo_white_x44b297.png]
[paversongames.com/index.html]
[paversongames.com/cdn/fonts/montserrat/montserrat_n5.18a018b6c83e89030c5d70a6d4c02c969f228500321b.woff]
[paversongames.com/cdn/fonts/montserrat/montserrat_n7.78b0223375c94b39ce1af7e09a0225f2bb3d05f740b4.woff]
[paversongames.com/cdn/fonts/montserrat/montserrat_i5.3c586d8884de1ac5627138711567f5b454adbef88cd0.woff]
[paversongames.com/cdn/fonts/montserrat/montserrat_i7.25524241b12d864609c85325613d60efcf1a87e3f29b.woff]
[paversongames.com/cdn/fonts/montserrat/montserrat_n6.7a3c341961dc23aaabcc116124b80f2a7abec1a28b8e.woff2]
[paversongames.com/cdn/fonts/montserrat/montserrat_n6.2c97c1a692c63ad09ab0635cb73b1939c5f417c0d9a6.woff]
[paversongames.com/cdn/fonts/crimson_text/crimsontext_n4.8e68f1ee7887c8e05614e4d7a819d036430b5b1ef65f.woff]
[paversongames.com/cdn/fonts/crimson_text/crimsontext_n6.0bd9ea02d1acf47d14b352e402609116b52600d6af6a.woff]
[paversongames.com/cdn/shop/files/PVSN_Dark_Linen_Texture_2b7aa1.jpg]
[paversongames.com/cdn/shop/files/PVSN_Gold_Linen_Texture_2ba83e.jpg]
[paversongames.com/cdn/shop/t/5/assets/styles8ffc.css]
[paversongames.com/en-ca/index.html]
[paversongames.com/en-ca/collections/all.html]
[paversongames.com/en-ca/pages/about-us.html]
[paversongames.com/en-ca/blogs/news.html]
[paversongames.com/en-ca/pages/contact.html]
[paversongames.com/en-ca/search.html]
[paversongames.com/en-ca/cart.html]
[paversongames.com/en-ca/collections/frontpage.html]
[paversongames.com/en-ca/products/distilled-africa-middle-east-expansion.html]
[paversongames.com/cdn/shop/files/Distilled-Promo-Pack_046be3c0-9c84-421e-866a-b0c21ee489f5620d.png]
[paversongames.com/cdn/shop/files/Distilled-Promo-Pack_3_21634f24-4150-4a92-981f-e2ca99819cb9620d.png]
[paversongames.com/en-ca/products/distilled-promo-pack-1.html]
[paversongames.com/cdn/shop/files/Distilled-Board-Game_1_FullRes_2166bddc-55b5-42ab-9130-45f1a8c3122d2543.png]
[paversongames.com/cdn/shop/files/Paverson-Distilled-2023-HighRes-2b_151d2d35-a15e-473d-ac20-3ea9d458b8002543.jpg]
[paversongames.com/en-ca/products/distilled-board-game-1.html]
[paversongames.com/en-ca/collections/distilled-game.html]
[paversongames.com/cdn/shop/files/Distilled-Metal-Recipe-Cubes_8512f19e-3e92-445c-af35-f4d0851517540143.png]
[paversongames.com/cdn/shop/files/Distilled-Metal-Recipe-Cubes_3_43acdf3d-99ac-49b1-a6c8-840b2ca419720143.png]
[paversongames.com/en-ca/products/distilled-metal-recipe-cubes-1.html]
[paversongames.com/cdn/shop/files/Distilled-Metal-Coins_561898f1-bbae-45c6-afa0-7e70e224bc106910.png]
[paversongames.com/cdn/shop/files/Distilled-Metal-Coins_3b_10a03fcd-4ab1-4ead-9744-86107ee6a14a6910.jpg]
[paversongames.com/en-ca/products/copy-of-distilled-metal-coins.html]
[paversongames.com/cdn/shop/files/cask-strength-box-front-transparentbb21.png]
[paversongames.com/cdn/shop/files/cask-strength-splayed-cards-topbb21.png]
[paversongames.com/en-ca/products/distilled-cask-strength-expansion.html]
[paversongames.com/cdn/shop/files/Distilled-Playmat_81d12461-5a82-4188-82fa-9a62bf758b88c170.png]
[paversongames.com/cdn/shop/files/Distilled-Playmat_3_c8dff2df-5689-45be-afbe-f191500b1c59c170.png]
[paversongames.com/en-ca/products/distilled-playmat-1.html]
[paversongames.com/cdn/shop/files/Distilled-Metal-First-Player-Token_2_c69afdd9-34c6-4267-b844-e72f92817b4d35ce.png]
[paversongames.com/cdn/shop/files/Distilled-Metal-First-Player-Token_3_3af1ad0d-9b6f-4719-b986-e459d3826fc135ce.png]
[paversongames.com/en-ca/products/distilled-metal-first-player-token-sold-out.html]
[paversongames.com/en-ca/blogs/news/luthier-box-art-revealed-kickstarter-date-announced.html]
[paversongames.com/en-ca/blogs/news/announcing-a-new-distilled-expansion-cask-strength.html]
[paversongames.com/en-ca/blogs/news/this-calls-for-a-han-guitar-solo.html]
[paversongames.com/en-ca/blogs/news/artists-for-luthier-announced.html]
[paversongames.com/en-ca.html]
[shop.app/checkouts/internal/preloads0d80.js]
[paversongames.com/modules/chunk.common_DCmY8Zac.esm.js]
[paversongames.com/modules/client.login-button_8knyv73M.en.esm.js]
[paversongames.com/POST.html]
[paversongames.com/cdn.html]
[paversongames.com/en-ca/pages/user-generator.html]
[paversongames.com/collections/all.atom]
[paversongames.com/collections/all.oembed]
[paversongames.com/collections/modules/chunk.common_DCmY8Zac.esm.js]
[paversongames.com/collections/modules/client.login-button_8knyv73M.en.esm.js]
[paversongames.com/collections/POST]
[paversongames.com/collections/all/products/distilled-board-game.html]
[paversongames.com/collections/all/products/distilled-africa-middle-east-expansion.html]
[paversongames.com/collections/all/products/distilled-cask-strength-expansion-1.html]
[paversongames.com/collections/all/products/distilled-promo-pack.html]
[paversongames.com/collections/all/products/distilled-metal-coins.html]
[paversongames.com/collections/all/products/distilled-playmat.html]
[paversongames.com/cdn/shop/products/Distilled-Metal-First-Player-Token_2f411.png]
[paversongames.com/cdn/shop/products/Distilled-Metal-First-Player-Token_334be.png]
[paversongames.com/collections/all/products/distilled-metal-first-player-token.html]
[paversongames.com/collections/all/products/distilled-metal-recipe-cubes.html]
[paversongames.com/collections/all/products/distilled-shot-glasses-1.html]
[paversongames.com/collections/all.html]
[paversongames.com/collections/all/products/distilled-coasters-1.html]
[paversongames.com/pages/modules/chunk.common_DCmY8Zac.esm.js]
[paversongames.com/pages/modules/client.login-button_8knyv73M.en.esm.js]
[paversongames.com/pages/POST]
[paversongames.com/cdn/shop/files/Icon_Black_AwardWinning3dbf.png]
[paversongames.com/cdn/shop/files/Icon_Black_HistoricallyRich463e.png]
[paversongames.com/cdn/shop/files/Icon_Black_ThoughtfullyCraftedWithCare2edf.png]
[paversongames.com/cdn/shop/files/Icon_Black_MediumWeight_23fe1a6c-3ac5-490b-bf7e-05f5c706e007bd7b.png]
[paversongames.com/cdn/shop/files/DISTILLED-dave2cf68.jpg]
[paversongames.com/pages/about-us.html]
[paversongames.com/blogs/news.atom]
[paversongames.com/blogs/news4658.html]
[paversongames.com/blogs/modules/chunk.common_DCmY8Zac.esm.js]
[paversongames.com/blogs/modules/client.login-button_8knyv73M.en.esm.js]
[paversongames.com/blogs/POST]
[paversongames.com/cdn/shop/articles/cask-strength-box-front-closee3a7.png]
[paversongames.com/cdn/shop/articles/Solo_Blog_2fad2.jpg]
[paversongames.com/cdn/shop/articles/artist-announcement-blog2370b.png]
[paversongames.com/blogs/news/announcing-paverson-games-new-title.html]
[paversongames.com/cdn/shop/articles/label-tools-luthierc6e9.png]
[paversongames.com/blogs/news/distilled-at-origins-and-gencon.html]
[paversongames.com/cdn/shop/articles/OriginsGameFair_Cover6db4.png]
[paversongames.com/blogs/news.html]
[paversongames.com/pages/shipping-returns.html]
[paversongames.com/cdn/shop/files/Coin_Bannerf2b2.png]
[paversongames.com/cdn/shop/files/20230325_1304576f03.jpg]
[paversongames.com/pages/contact.html]
[paversongames.com/search.html]
[paversongames.com/cart.html]
[paversongames.com/collections/frontpage.atom]
[paversongames.com/collections/frontpage.oembed]
[paversongames.com/collections/frontpage/products/distilled-board-game.html]
[paversongames.com/collections/frontpage/products/distilled-africa-middle-east-expansion.html]
[paversongames.com/collections/frontpage/products/distilled-promo-pack.html]
[paversongames.com/collections/frontpage.html]
[paversongames.com/collections/frontpage/products/distilled-cask-strength-expansion-1.html]
[paversongames.com/cdn/shop/products/Distilled-Board-Game_1_FullRes_1200x120065a1.png]
[paversongames.com/products/distilled-board-game.oembed]
[paversongames.com/products/modules/chunk.common_DCmY8Zac.esm.js]
[paversongames.com/products/modules/client.login-button_8knyv73M.en.esm.js]
[paversongames.com/cdn/shop/t/5/compiled_assets/scripts3bf5.js]
[paversongames.com/products/POST.104.delayed]
[paversongames.com/cdn/shop/products/Distilled-Board-Game_1_FullRes65a1.png]
[paversongames.com/cdn/shop/products/Distilled-Board-Game_1_FullRes82c1.png]
[paversongames.com/cdn/shop/products/Paverson-Distilled-2023-HighRes-2b65a1.jpg]
[paversongames.com/cdn/shop/products/Paverson-Distilled-2023-HighRes-2b82c1.jpg]
[paversongames.com/cdn/shop/products/Game-Play_965a1.jpg]
[paversongames.com/cdn/shop/products/Game-Play_982c1.jpg]
[paversongames.com/cdn/shop/products/Game-Setup_165a1.jpg]
[paversongames.com/cdn/shop/products/Game-Setup_182c1.jpg]
[paversongames.com/cdn/shop/products/Distilled-Board-Game_465a1.jpg]
[paversongames.com/cdn/shop/products/Distilled-Board-Game_482c1.jpg]
[paversongames.com/cdn/shop/products/Paverson-Distilled-2023-Shopify-Carousel-3a65a1.jpg]
[paversongames.com/cdn/shop/products/Paverson-Distilled-2023-Shopify-Carousel-3a82c1.jpg]
[paversongames.com/cdn/shop/products/Distilled-Board-Game_665a1.png]
[paversongames.com/cdn/shop/products/Distilled-Board-Game_682c1.png]
[paversongames.com/cdn/shop/products/Distilled-Board-Game_1_FullRes94e7.png]
[paversongames.com/cdn/shop/products/Paverson-Distilled-2023-HighRes-2b94e7.jpg]
[paversongames.com/cdn/shop/products/Game-Play_994e7.jpg]
[paversongames.com/cdn/shop/products/Game-Setup_194e7.jpg]
[paversongames.com/cdn/shop/products/Distilled-Board-Game_494e7.jpg]
[paversongames.com/cdn/shop/products/Paverson-Distilled-2023-Shopify-Carousel-3a94e7.jpg]
[paversongames.com/cdn/shop/products/Distilled-Board-Game_694e7.png]
[paversongames.com/cdn/shop/files/Distilled-Table-Top_1ac1d.jpg]
[paversongames.com/cdn/shop/files/Blue_Piece_DropShadowff92.png]
[paversongames.com/cdn/shop/files/Green_Piece_DropShadow3759.png]
[paversongames.com/cdn/shop/files/Red_Piece_DropShadow_826197f0-07ea-4633-a992-c8d77778204b659f.png]
[paversongames.com/cdn/shop/files/Yellow_Piece_DropShadowfdfd.png]
[paversongames.com/cdn/shop/files/InternationalFlavor_FINAL859c.png]
[paversongames.com/cdn/shop/files/BottlesBarrels_2b94f4.png]
[paversongames.com/cdn/shop/files/DistilleryUpgrades_24912.png]
[paversongames.com/cdn/shop/files/Game-Play_12_7eb3a88d-f937-4ce8-b80e-0b0e470cd3d29f83.jpg]
[paversongames.com/cdn/shop/files/Close-Up_261ea.jpg]
[paversongames.com/cdn/shop/files/Game-Play_6b8c9.jpg]
[paversongames.com/cdn/shop/files/Game-Play_105b42.jpg]
[paversongames.com/cdn/shop/files/Close-Up_16973.jpg]
[paversongames.com/cdn/shop/files/Close-Up_628d7.jpg]
[paversongames.com/cdn/shop/files/Game-Play_59f79.jpg]
[paversongames.com/cdn/shop/files/CardboardEdison_Emblem_Montserrat9f11.png]
[paversongames.com/cdn/shop/files/IonAward_Emblem_Montserrat0b78.png]
[paversongames.com/products/distilled-board-game.html]
[paversongames.com/cdn/shop/products/Africa-Middle-East-Expansion_1200x1200ce3b.png]
[paversongames.com/products/distilled-africa-middle-east-expansion.oembed]
[paversongames.com/cdn/shop/products/Africa-Middle-East-Expansionce3b.png]
[paversongames.com/cdn/shop/products/Africa-Middle-East-Expansionf42f.png]
[paversongames.com/cdn/shop/products/Africa-Middle-East-Expansion_25d21.png]
[paversongames.com/cdn/shop/products/Africa-Middle-East-Expansion_2256a.png]
[paversongames.com/cdn/shop/products/Distilled-Expansion-Carousel-34ef9.jpg]
[paversongames.com/cdn/shop/products/Distilled-Expansion-Carousel-3cf75.jpg]
[paversongames.com/cdn/shop/products/Africa-Middle-East-Expansionf852.png]
[paversongames.com/cdn/shop/products/Africa-Middle-East-Expansion_2933d.png]
[paversongames.com/cdn/shop/products/Distilled-Expansion-Carousel-3b611.jpg]
[paversongames.com/cdn/shop/files/PVSN_Distilled-Add-On-Message-12cfb.png]
[paversongames.com/cdn/shop/files/BOXCOVER-promo3c0e0.jpg]
[paversongames.com/products/distilled-africa-middle-east-expansion.html]
[paversongames.com/cdn/shop/products/Distilled-Promo-Pack_1200x1200402f.png]
[paversongames.com/products/distilled-promo-pack.oembed]
[paversongames.com/cdn/shop/products/Distilled-Promo-Pack402f.png]
[paversongames.com/cdn/shop/products/Distilled-Promo-Pack806b.png]
[paversongames.com/cdn/shop/products/Distilled-Promo-Pack_3402f.png]
[paversongames.com/cdn/shop/products/Distilled-Promo-Pack_3806b.png]
[paversongames.com/cdn/shop/products/Distilled-Promo-Pack_2402f.png]
[paversongames.com/cdn/shop/products/Distilled-Promo-Pack_2806b.png]
[paversongames.com/cdn/shop/products/Distilled-Promo-Pack3bc2.png]
[paversongames.com/cdn/shop/products/Distilled-Promo-Pack_33bc2.png]
[paversongames.com/cdn/shop/products/Distilled-Promo-Pack_23bc2.png]
[paversongames.com/products/distilled-promo-pack.html]
[paversongames.com/collections/distilled-game.atom]
[paversongames.com/collections/distilled-game.oembed]
[paversongames.com/collections/distilled-game/products/distilled-board-game.html]
[paversongames.com/collections/distilled-game/products/distilled-metal-recipe-cubes.html]
[paversongames.com/collections/distilled-game/products/distilled-metal-coins.html]
[paversongames.com/collections/distilled-game/products/distilled-africa-middle-east-expansion.html]
[paversongames.com/collections/distilled-game/products/distilled-cask-strength-expansion-1.html]
[paversongames.com/collections/distilled-game/products/distilled-playmat.html]
[paversongames.com/collections/distilled-game/products/distilled-coasters-1.html]
[paversongames.com/collections/distilled-game/products/distilled-shot-glasses-1.html]
[paversongames.com/collections/distilled-game/products/distilled-promo-pack.html]
[paversongames.com/collections/distilled-game.html]
[paversongames.com/collections/distilled-game/products/distilled-metal-first-player-token.html]
[paversongames.com/cdn/shop/products/Distilled-Metal-Recipe-Cubes_1200x12007286.png]
[paversongames.com/products/distilled-metal-recipe-cubes.oembed]
[paversongames.com/cdn/shop/products/Distilled-Metal-Recipe-Cubes7286.png]
[paversongames.com/cdn/shop/products/Distilled-Metal-Recipe-Cubes2176.png]
[paversongames.com/cdn/shop/products/Distilled-Metal-Recipe-Cubes_3d837.png]
[paversongames.com/cdn/shop/products/Distilled-Metal-Recipe-Cubes_3bd54.png]
[paversongames.com/cdn/shop/products/Distilled-Metal-Recipe-Cubes_2d837.png]
[paversongames.com/cdn/shop/products/Distilled-Metal-Recipe-Cubes_2bd54.png]
[paversongames.com/cdn/shop/products/Distilled-Metal-Recipe-Cubes8e07.png]
[paversongames.com/cdn/shop/products/Distilled-Metal-Recipe-Cubes_3f2bd.png]
[paversongames.com/cdn/shop/products/Distilled-Metal-Recipe-Cubes_2f2bd.png]
[paversongames.com/products/distilled-metal-recipe-cubes.html]
[paversongames.com/cdn/shop/products/Distilled-Metal-Coins_1200x1200a3fe.png]
[paversongames.com/products/distilled-metal-coins.oembed]
[paversongames.com/cdn/shop/products/Distilled-Metal-Coinsa3fe.png]
[paversongames.com/cdn/shop/products/Distilled-Metal-Coins7d75.png]
[paversongames.com/cdn/shop/products/Distilled-Metal-Coins_3b_69953da3-9780-44d3-b185-df62350fe8d583ec.jpg]
[paversongames.com/cdn/shop/products/Distilled-Metal-Coins_3b_69953da3-9780-44d3-b185-df62350fe8d50ddf.jpg]
[paversongames.com/cdn/shop/products/Distilled-Metal-Coinsa02e.png]
[paversongames.com/cdn/shop/products/Distilled-Metal-Coins_3b_69953da3-9780-44d3-b185-df62350fe8d56b51.jpg]
[paversongames.com/products/distilled-metal-coins.html]
[paversongames.com/cdn/shop/files/cask-strength-box-front-transparent_b2cae63e-9ec6-42a6-8cb7-249a276c0749_1200x12000cb6.png]
[paversongames.com/products/distilled-cask-strength-expansion-1.oembed]
[paversongames.com/cdn/shop/files/cask-strength-box-front-transparent_b2cae63e-9ec6-42a6-8cb7-249a276c07490cb6.png]
[paversongames.com/cdn/shop/files/cask-strength-box-front-transparent_b2cae63e-9ec6-42a6-8cb7-249a276c07492db5.png]
[paversongames.com/cdn/shop/files/cask-strength-splayed-cards-top_b693ed45-010d-4f35-a008-ca181362fe430cb6.png]
[paversongames.com/cdn/shop/files/cask-strength-splayed-cards-top_b693ed45-010d-4f35-a008-ca181362fe432db5.png]
[paversongames.com/cdn/shop/files/cask-strength-grid-cards-top_aad7ff91-7eb4-45bc-86cb-5eb416d6c5380cb6.png]
[paversongames.com/cdn/shop/files/cask-strength-grid-cards-top_aad7ff91-7eb4-45bc-86cb-5eb416d6c5382db5.png]
[paversongames.com/cdn/shop/files/cask-strength-box-front-transparent_b2cae63e-9ec6-42a6-8cb7-249a276c07490df9.png]
[paversongames.com/cdn/shop/files/cask-strength-splayed-cards-top_b693ed45-010d-4f35-a008-ca181362fe430df9.png]
[paversongames.com/cdn/shop/files/cask-strength-grid-cards-top_aad7ff91-7eb4-45bc-86cb-5eb416d6c5380df9.png]
[paversongames.com/products/distilled-cask-strength-expansion-1.html]
[paversongames.com/cdn/shop/products/Distilled-Playmat_1200x1200f4a4.png]
[paversongames.com/products/distilled-playmat.oembed]
[paversongames.com/cdn/shop/products/Distilled-Playmatf4a4.png]
[paversongames.com/cdn/shop/products/Distilled-Playmat5aea.png]
[paversongames.com/cdn/shop/products/Distilled-Playmat_303b3.png]
[paversongames.com/cdn/shop/products/Distilled-Playmat_3450a.png]
[paversongames.com/cdn/shop/products/Distilled-Playmat2b3f.png]
[paversongames.com/cdn/shop/products/Distilled-Playmat_33a8f.png]
[paversongames.com/products/distilled-playmat.html]
[paversongames.com/cdn/shop/files/Distilled-Coasters_1200x12001505.png]
[paversongames.com/products/distilled-coasters-1.oembed]
[paversongames.com/cdn/shop/files/Distilled-Coasters1505.png]
[paversongames.com/cdn/shop/files/Distilled-Coasterse0af.png]
[paversongames.com/cdn/shop/files/Distilled-Coasters_2b1505.png]
[paversongames.com/cdn/shop/files/Distilled-Coasters_2be0af.png]
[paversongames.com/cdn/shop/files/Distilled-Coasters_31505.png]
[paversongames.com/cdn/shop/files/Distilled-Coasters_3e0af.png]
[paversongames.com/cdn/shop/files/Distilled-Coasters_41505.png]
[paversongames.com/cdn/shop/files/Distilled-Coasters_4e0af.png]
[paversongames.com/cdn/shop/files/Distilled-Coasters19a8.png]
[paversongames.com/cdn/shop/files/Distilled-Coasters_2b19a8.png]
[paversongames.com/cdn/shop/files/Distilled-Coasters_319a8.png]
[paversongames.com/cdn/shop/files/Distilled-Coasters_419a8.png]
[paversongames.com/products/distilled-coasters-1.html]
[paversongames.com/cdn/shop/files/Distilled-Shot-Glass_Front_e9724f00-5e33-43bc-ac05-947104a97600_1200x120001e2.png]
[paversongames.com/products/distilled-shot-glasses-1.oembed]
[paversongames.com/cdn/shop/files/Distilled-Shot-Glass_Front_e9724f00-5e33-43bc-ac05-947104a9760001e2.png]
[paversongames.com/cdn/shop/files/Distilled-Shot-Glass_Front_e9724f00-5e33-43bc-ac05-947104a9760045ce.png]
[paversongames.com/cdn/shop/files/Distilled-Shot-Glass_Back_0d66121d-a6a7-4f45-b0af-7e90143c39c001e2.png]
[paversongames.com/cdn/shop/files/Distilled-Shot-Glass_Back_0d66121d-a6a7-4f45-b0af-7e90143c39c045ce.png]
[paversongames.com/cdn/shop/files/Distilled-Shot-Glass_Front_e9724f00-5e33-43bc-ac05-947104a976008454.png]
[paversongames.com/cdn/shop/files/Distilled-Shot-Glass_Back_0d66121d-a6a7-4f45-b0af-7e90143c39c08454.png]
[paversongames.com/products/distilled-shot-glasses-1.html]
[paversongames.com/cdn/shop/articles/luthier-box-black-square_1200x120028b5.png]
[paversongames.com/blogs/news/modules/chunk.common_DCmY8Zac.esm.js]
[paversongames.com/blogs/news/modules/client.login-button_8knyv73M.en.esm.js]
[paversongames.com/blogs/news/POST]
[cdn.shopify.com/s/files/1/0664/4894/9461/files/luthier-ks-date-announce_600x600a6d0.png]
[cdn.shopify.com/s/files/1/0664/4894/9461/files/Luthier_Box_Front_Web_600x600a509.png]
[cdn.shopify.com/s/files/1/0664/4894/9461/files/8d4b6c0c-b3a8-5bcf-3d9a-0eaac413cc5d_480x48047b1.jpg]
[paversongames.com/blogs/news/luthier-box-art-revealed-kickstarter-date-announced.html]
[paversongames.com/cdn/shop/articles/cask-strength-box-front-close_1200x12005ab2.png]
[paversongames.com/collections/all/products/distilled-cask-strength-expansion.207.delayed]
[cdn.shopify.com/s/files/1/0664/4894/9461/files/cask-strength-box-front-close-transparent_480x4805be6.png]
[cdn.shopify.com/s/files/1/0664/4894/9461/files/cask-strength-splayed-cards-top_10d10b36-fe07-45b4-8e3d-eaca4ad3351e_480x4804663.png]
[cdn.shopify.com/s/files/1/0664/4894/9461/files/cask-strength-grid-cards-top_73181fa6-271c-4a35-be7b-218abd1e5c68_480x480b38a.png]
[paversongames.com/cdn/shop/articles/luthier-box-black-square9763.png]
[paversongames.com/blogs/news/announcing-a-new-distilled-expansion-cask-strength.html]
[paversongames.com/cdn/shop/articles/Solo_Blog_2_1200x1200e01b.jpg]
[cdn.shopify.com/s/files/1/0664/4894/9461/files/han-solo_600x600097c.jpg]
[cdn.shopify.com/s/files/1/0664/4894/9461/files/31d1ad1fc64aa4eabb4b80dbe26429e0_480x4803c9f.jpg]
[cdn.shopify.com/s/files/1/0664/4894/9461/files/Solo_Blog_1_480x480f776.jpg]
[cdn.shopify.com/s/files/1/0664/4894/9461/files/Solo_Blog_2_480x480467d.jpg]
[cdn.shopify.com/s/files/1/0664/4894/9461/files/Solo_Blog_3_480x4802d78.jpg]
[cdn.shopify.com/s/files/1/0664/4894/9461/files/Solo_Blog_4_480x4806790.jpg]
[cdn.shopify.com/s/files/1/0664/4894/9461/files/Solo_Blog_5_480x4809635.jpg]
[cdn.shopify.com/s/files/1/0664/4894/9461/files/digby-woods_480x48087fb.png]
[cdn.shopify.com/s/files/1/0664/4894/9461/files/star-wars-music-meme_600x600336b.jpg]
[paversongames.com/blogs/news/tagged/art.html]
[paversongames.com/blogs/news/tagged/luthier.html]
[paversongames.com/blogs/news/this-calls-for-a-han-guitar-solo.html]
[paversongames.com/blogs/news/tagged/solo.html]
[paversongames.com/cdn/shop/articles/artist-announcement-blog2_1200x1200f6c4.png]
[cdn.shopify.com/s/files/1/0664/4894/9461/files/dutrait-announce_480x4802a0d.png]
[cdn.shopify.com/s/files/1/0664/4894/9461/files/beethoven-luthier_480x4802ec5.png]
[cdn.shopify.com/s/files/1/0664/4894/9461/files/violin-luthier_480x480fbeb.png]
[cdn.shopify.com/s/files/1/0664/4894/9461/files/palais-cropped_480x480eab3.png]
[cdn.shopify.com/s/files/1/0664/4894/9461/files/guillaume_Tavernier_480x48085d0.png]
[cdn.shopify.com/s/files/1/0664/4894/9461/files/ruines_copie_2_480x48082f0.jpg]
[paversongames.com/cdn/shop/articles/label-tools-luthierd08b.png]
[paversongames.com/blogs/news/artists-for-luthier-announced.html]
[paversongames.com/pages/user-generator.html]
[cdn.shopify.com/s/files/1/0664/4894/9461/files/app.js]
[paversongames.com/pages/privacy-policy.html]
[shop.app/checkouts/internal/preloads769e.js]
[paversongames.com/en-ca/pages/privacy-policy.html]
[paversongames.com/en-ca/modules/chunk.common_DCmY8Zac.esm.227.delayed]
[paversongames.com/en-ca/modules/client.login-button_8knyv73M.en.esm.js]
[paversongames.com/en-ca/POST]
[paversongames.com/en-ca/index.html]
[paversongames.com/en-ca/collections/all.atom]
[paversongames.com/en-ca/collections/all.oembed]
[paversongames.com/en-ca/collections/modules/chunk.common_DCmY8Zac.esm.js]
[paversongames.com/en-ca/collections/modules/client.login-button_8knyv73M.en.esm.js]
[paversongames.com/en-ca/collections/POST]
[paversongames.com/en-ca/collections/all/products/distilled-board-game-1.html]
[paversongames.com/en-ca/collections/all/products/distilled-africa-middle-east-expansion.html]
[paversongames.com/en-ca/collections/all/products/distilled-cask-strength-expansion.html]
[paversongames.com/en-ca/collections/all/products/distilled-promo-pack-1.html]
[paversongames.com/en-ca/collections/all/products/copy-of-distilled-metal-coins.html]
[paversongames.com/en-ca/collections/all/products/distilled-playmat-1.html]
[paversongames.com/en-ca/collections/all/products/distilled-metal-first-player-token-sold-out.html]
[paversongames.com/en-ca/collections/all/products/distilled-metal-recipe-cubes-1.html]
[paversongames.com/cdn/shop/products/Distilled-Coasters1f85.png]
[paversongames.com/cdn/shop/products/Distilled-Coasters_2bd009.png]
[paversongames.com/en-ca/collections/all/products/distilled-coasters.html]
[paversongames.com/cdn/shop/products/Distilled-Shot-Glass_Front43d6.png]
[paversongames.com/cdn/shop/products/Distilled-Shot-Glass_Back43d6.png]
[paversongames.com/en-ca/collections/all.html]
[paversongames.com/en-ca/collections/all/products/distilled-shot-glasses.html]
[paversongames.com/en-ca/pages/modules/chunk.common_DCmY8Zac.esm.js]
[paversongames.com/en-ca/pages/modules/client.login-button_8knyv73M.en.esm.js]
[paversongames.com/en-ca/pages/POST]
[paversongames.com/en-ca/pages/about-us.html]
[paversongames.com/en-ca/blogs/news.atom]
[paversongames.com/en-ca/blogs/news4658.html]
[paversongames.com/en-ca/blogs/modules/chunk.common_DCmY8Zac.esm.js]
[paversongames.com/en-ca/blogs/modules/client.login-button_8knyv73M.en.esm.js]
[paversongames.com/en-ca/blogs/POST]
[paversongames.com/en-ca/blogs/news/announcing-paverson-games-new-title.html]
[paversongames.com/en-ca/blogs/news.html]
[paversongames.com/en-ca/blogs/news/distilled-at-origins-and-gencon.html]
[paversongames.com/en-ca/pages/contact.html]
[paversongames.com/en-ca/search.html]
[paversongames.com/en-ca/cart.html]
[paversongames.com/en-ca/pages/shipping-returns.html]
[paversongames.com/en-ca/collections/frontpage.atom]
[paversongames.com/en-ca/collections/frontpage.oembed]
[paversongames.com/en-ca/collections/frontpage/products/distilled-africa-middle-east-expansion.html]
[paversongames.com/en-ca/collections/frontpage/products/distilled-promo-pack-1.html]
[paversongames.com/en-ca/collections/frontpage/products/distilled-board-game-1.html]
[paversongames.com/en-ca/collections/frontpage.html]
[paversongames.com/en-ca/collections/frontpage/products/distilled-cask-strength-expansion.html]
[paversongames.com/en-ca/products/distilled-africa-middle-east-expansion.oembed]
[paversongames.com/en-ca/products/modules/chunk.common_DCmY8Zac.esm.js]
[paversongames.com/en-ca/products/modules/client.login-button_8knyv73M.en.esm.js]
[paversongames.com/en-ca/products/POST]
[paversongames.com/en-ca/products/distilled-board-game]
[paversongames.com/en-ca/products/distilled-africa-middle-east-expansion.html]
[paversongames.com/cdn/shop/files/Distilled-Promo-Pack_046be3c0-9c84-421e-866a-b0c21ee489f5_1200x1200c29f.png]
[paversongames.com/products/distilled-promo-pack-1]
[paversongames.com/en-ca/products/distilled-promo-pack-1.oembed]
[paversongames.com/cdn/shop/files/Distilled-Promo-Pack_046be3c0-9c84-421e-866a-b0c21ee489f5c29f.png]
[paversongames.com/cdn/shop/files/Distilled-Promo-Pack_046be3c0-9c84-421e-866a-b0c21ee489f5e35a.png]
[paversongames.com/cdn/shop/files/Distilled-Promo-Pack_3_21634f24-4150-4a92-981f-e2ca99819cb9c29f.png]
[paversongames.com/cdn/shop/files/Distilled-Promo-Pack_3_21634f24-4150-4a92-981f-e2ca99819cb9e35a.png]
[paversongames.com/cdn/shop/files/Distilled-Promo-Pack_2_3d9ae3d8-1c05-4a28-9363-0bec6a7317a8c29f.png]
[paversongames.com/cdn/shop/files/Distilled-Promo-Pack_2_3d9ae3d8-1c05-4a28-9363-0bec6a7317a8e35a.png]
[paversongames.com/cdn/shop/files/Distilled-Promo-Pack_046be3c0-9c84-421e-866a-b0c21ee489f5f571.png]
[paversongames.com/cdn/shop/files/Distilled-Promo-Pack_3_21634f24-4150-4a92-981f-e2ca99819cb9f571.png]
[paversongames.com/cdn/shop/files/Distilled-Promo-Pack_2_3d9ae3d8-1c05-4a28-9363-0bec6a7317a8f571.png]
[paversongames.com/en-ca/products/distilled-promo-pack-1.html]
[paversongames.com/cdn/shop/files/Distilled-Board-Game_1_FullRes_2166bddc-55b5-42ab-9130-45f1a8c3122d_1200x1200977c.png]
[paversongames.com/products/distilled-board-game-1]
[paversongames.com/en-ca/products/distilled-board-game-1.oembed]
[paversongames.com/cdn/shop/files/Distilled-Board-Game_1_FullRes_2166bddc-55b5-42ab-9130-45f1a8c3122d977c.png]
[paversongames.com/cdn/shop/files/Distilled-Board-Game_1_FullRes_2166bddc-55b5-42ab-9130-45f1a8c3122dd81c.png]
[paversongames.com/cdn/shop/files/Paverson-Distilled-2023-HighRes-2b_151d2d35-a15e-473d-ac20-3ea9d458b800977c.jpg]
[paversongames.com/cdn/shop/files/Paverson-Distilled-2023-HighRes-2b_151d2d35-a15e-473d-ac20-3ea9d458b800d81c.jpg]
[paversongames.com/cdn/shop/files/Game-Play_9_926a4036-92ad-4748-b58f-1c370d014e2e977c.jpg]
[paversongames.com/cdn/shop/files/Game-Play_9_926a4036-92ad-4748-b58f-1c370d014e2ed81c.jpg]
[paversongames.com/cdn/shop/files/Game-Setup_1_2297ef17-ef48-4b0a-a0b6-297c3e33870abdd3.jpg]
[paversongames.com/cdn/shop/files/Game-Setup_1_2297ef17-ef48-4b0a-a0b6-297c3e33870ac280.jpg]
[paversongames.com/cdn/shop/files/Distilled-Board-Game_4_a42326ff-8b01-476d-987f-0c84af99d6acbdd3.jpg]
[paversongames.com/cdn/shop/files/Distilled-Board-Game_4_a42326ff-8b01-476d-987f-0c84af99d6acc280.jpg]
[paversongames.com/cdn/shop/files/Paverson-Distilled-2023-Shopify-Carousel-3a_dc1b856f-027f-4243-89b1-6a5b39870f48bdd3.jpg]
[paversongames.com/cdn/shop/files/Paverson-Distilled-2023-Shopify-Carousel-3a_dc1b856f-027f-4243-89b1-6a5b39870f48c280.jpg]
[paversongames.com/cdn/shop/files/Distilled-Board-Game_6_14573b10-869a-4a29-889a-b3f127ee1fdabdd3.png]
[paversongames.com/cdn/shop/files/Distilled-Board-Game_6_14573b10-869a-4a29-889a-b3f127ee1fdac280.png]
[paversongames.com/cdn/shop/files/Distilled-Board-Game_1_FullRes_2166bddc-55b5-42ab-9130-45f1a8c3122d9efc.png]
[paversongames.com/cdn/shop/files/Paverson-Distilled-2023-HighRes-2b_151d2d35-a15e-473d-ac20-3ea9d458b8009efc.jpg]
[paversongames.com/cdn/shop/files/Game-Play_9_926a4036-92ad-4748-b58f-1c370d014e2e9efc.jpg]
[paversongames.com/cdn/shop/files/Game-Setup_1_2297ef17-ef48-4b0a-a0b6-297c3e33870a53d4.jpg]
[paversongames.com/cdn/shop/files/Distilled-Board-Game_4_a42326ff-8b01-476d-987f-0c84af99d6ac53d4.jpg]
[paversongames.com/cdn/shop/files/Paverson-Distilled-2023-Shopify-Carousel-3a_dc1b856f-027f-4243-89b1-6a5b39870f4853d4.jpg]
[paversongames.com/cdn/shop/files/Distilled-Board-Game_6_14573b10-869a-4a29-889a-b3f127ee1fda53d4.png]
[paversongames.com/en-ca/products/distilled-board-game-1.html]
[paversongames.com/en-ca/collections/distilled-game.atom]
[paversongames.com/en-ca/collections/distilled-game.oembed]
[paversongames.com/en-ca/collections/distilled-game/products/distilled-board-game-1.html]
[paversongames.com/en-ca/collections/distilled-game/products/distilled-metal-recipe-cubes-1.html]
[paversongames.com/en-ca/collections/distilled-game/products/copy-of-distilled-metal-coins.html]
[paversongames.com/en-ca/collections/distilled-game/products/distilled-africa-middle-east-expansion.html]
[paversongames.com/en-ca/collections/distilled-game/products/distilled-cask-strength-expansion.html]
[paversongames.com/en-ca/collections/distilled-game/products/distilled-playmat-1.html]
[paversongames.com/en-ca/collections/distilled-game/products/distilled-promo-pack-1.html]
[paversongames.com/en-ca/collections/distilled-game/products/distilled-metal-first-player-token-sold-out.html]
[paversongames.com/en-ca/collections/distilled-game/products/distilled-shot-glasses.html]
[paversongames.com/en-ca/collections/distilled-game.html]
[paversongames.com/en-ca/collections/distilled-game/products/distilled-coasters.html]
[paversongames.com/cdn/shop/files/Distilled-Metal-Recipe-Cubes_8512f19e-3e92-445c-af35-f4d085151754_1200x1200da1d.png]
[paversongames.com/products/distilled-metal-recipe-cubes-1]
[paversongames.com/en-ca/products/distilled-metal-recipe-cubes-1.oembed]
[paversongames.com/cdn/shop/files/Distilled-Metal-Recipe-Cubes_8512f19e-3e92-445c-af35-f4d085151754da1d.png]
[paversongames.com/cdn/shop/files/Distilled-Metal-Recipe-Cubes_8512f19e-3e92-445c-af35-f4d085151754b4c3.png]
[paversongames.com/cdn/shop/files/Distilled-Metal-Recipe-Cubes_3_43acdf3d-99ac-49b1-a6c8-840b2ca41972da1d.png]
[paversongames.com/cdn/shop/files/Distilled-Metal-Recipe-Cubes_3_43acdf3d-99ac-49b1-a6c8-840b2ca41972b4c3.png]
[paversongames.com/cdn/shop/files/Distilled-Metal-Recipe-Cubes_2_3d1a9fa5-34eb-4f93-8a2d-526f3a1f5af8da1d.png]
[paversongames.com/cdn/shop/files/Distilled-Metal-Recipe-Cubes_2_3d1a9fa5-34eb-4f93-8a2d-526f3a1f5af8b4c3.png]
[paversongames.com/cdn/shop/files/Distilled-Metal-Recipe-Cubes_8512f19e-3e92-445c-af35-f4d08515175410f2.png]
[paversongames.com/cdn/shop/files/Distilled-Metal-Recipe-Cubes_3_43acdf3d-99ac-49b1-a6c8-840b2ca4197210f2.png]
[paversongames.com/cdn/shop/files/Distilled-Metal-Recipe-Cubes_2_3d1a9fa5-34eb-4f93-8a2d-526f3a1f5af810f2.png]
[paversongames.com/en-ca/products/distilled-metal-recipe-cubes-1.html]
[paversongames.com/cdn/shop/files/Distilled-Metal-Coins_561898f1-bbae-45c6-afa0-7e70e224bc10_1200x1200c7a2.png]
[paversongames.com/products/copy-of-distilled-metal-coins]
[paversongames.com/en-ca/products/copy-of-distilled-metal-coins.oembed]
[paversongames.com/cdn/shop/files/Distilled-Metal-Coins_561898f1-bbae-45c6-afa0-7e70e224bc10c7a2.png]
[paversongames.com/cdn/shop/files/Distilled-Metal-Coins_561898f1-bbae-45c6-afa0-7e70e224bc1009d2.png]
[paversongames.com/cdn/shop/files/Distilled-Metal-Coins_3b_10a03fcd-4ab1-4ead-9744-86107ee6a14ac7a2.jpg]
[paversongames.com/cdn/shop/files/Distilled-Metal-Coins_3b_10a03fcd-4ab1-4ead-9744-86107ee6a14a09d2.jpg]
[paversongames.com/cdn/shop/files/Distilled-Metal-Coins_561898f1-bbae-45c6-afa0-7e70e224bc103e6e.png]
[paversongames.com/cdn/shop/files/Distilled-Metal-Coins_3b_10a03fcd-4ab1-4ead-9744-86107ee6a14a3e6e.jpg]
[paversongames.com/en-ca/products/copy-of-distilled-metal-coins.html]
[paversongames.com/cdn/shop/files/cask-strength-box-front-transparent_1200x1200154e.png]
[paversongames.com/products/distilled-cask-strength-expansion]
[paversongames.com/en-ca/products/distilled-cask-strength-expansion.oembed]
[paversongames.com/cdn/shop/files/cask-strength-box-front-transparent154e.png]
[paversongames.com/cdn/shop/files/cask-strength-box-front-transparent26b6.png]
[paversongames.com/cdn/shop/files/cask-strength-splayed-cards-top154e.png]
[paversongames.com/cdn/shop/files/cask-strength-splayed-cards-top26b6.png]
[paversongames.com/cdn/shop/files/cask-strength-grid-cards-top154e.png]
[paversongames.com/cdn/shop/files/cask-strength-grid-cards-top26b6.png]
[paversongames.com/cdn/shop/files/cask-strength-box-front-transparent7144.png]
[paversongames.com/cdn/shop/files/cask-strength-splayed-cards-top7144.png]
[paversongames.com/cdn/shop/files/cask-strength-grid-cards-top7144.png]
[paversongames.com/en-ca/products/distilled-cask-strength-expansion.html]
[paversongames.com/cdn/shop/files/Distilled-Playmat_81d12461-5a82-4188-82fa-9a62bf758b88_1200x1200aaa3.png]
[paversongames.com/products/distilled-playmat-1]
[paversongames.com/en-ca/products/distilled-playmat-1.oembed]
[paversongames.com/cdn/shop/files/Distilled-Playmat_81d12461-5a82-4188-82fa-9a62bf758b88aaa3.png]
[paversongames.com/cdn/shop/files/Distilled-Playmat_81d12461-5a82-4188-82fa-9a62bf758b88aa06.png]
[paversongames.com/cdn/shop/files/Distilled-Playmat_3_c8dff2df-5689-45be-afbe-f191500b1c59aaa3.png]
[paversongames.com/cdn/shop/files/Distilled-Playmat_3_c8dff2df-5689-45be-afbe-f191500b1c59aa06.png]
[paversongames.com/cdn/shop/files/Distilled-Playmat_81d12461-5a82-4188-82fa-9a62bf758b88ff08.png]
[paversongames.com/cdn/shop/files/Distilled-Playmat_3_c8dff2df-5689-45be-afbe-f191500b1c59ff08.png]
[paversongames.com/en-ca/products/distilled-playmat-1.html]
[paversongames.com/cdn/shop/files/Distilled-Metal-First-Player-Token_2_c69afdd9-34c6-4267-b844-e72f92817b4d_1200x120099a9.png]
[paversongames.com/products/distilled-metal-first-player-token-sold-out]
[paversongames.com/en-ca/products/distilled-metal-first-player-token-sold-out.oembed]
[paversongames.com/cdn/shop/files/Distilled-Metal-First-Player-Token_2_c69afdd9-34c6-4267-b844-e72f92817b4d99a9.png]
[paversongames.com/cdn/shop/files/Distilled-Metal-First-Player-Token_2_c69afdd9-34c6-4267-b844-e72f92817b4db3eb.png]
[paversongames.com/cdn/shop/files/Distilled-Metal-First-Player-Token_3_3af1ad0d-9b6f-4719-b986-e459d3826fc199a9.png]
[paversongames.com/cdn/shop/files/Distilled-Metal-First-Player-Token_3_3af1ad0d-9b6f-4719-b986-e459d3826fc1b3eb.png]
[paversongames.com/cdn/shop/files/Distilled-Metal-First-Player-Token_2_c69afdd9-34c6-4267-b844-e72f92817b4d1f18.png]
[paversongames.com/cdn/shop/files/Distilled-Metal-First-Player-Token_3_3af1ad0d-9b6f-4719-b986-e459d3826fc11f18.png]
[paversongames.com/en-ca/products/distilled-metal-first-player-token-sold-out.html]
[paversongames.com/en-ca/blogs/news/modules/chunk.common_DCmY8Zac.esm.js]
[paversongames.com/en-ca/blogs/news/modules/client.login-button_8knyv73M.en.esm.js]
[paversongames.com/en-ca/blogs/news/POST]
[paversongames.com/en-ca/blogs/news/luthier-box-art-revealed-kickstarter-date-announced.html]
[paversongames.com/en-ca/blogs/news/announcing-a-new-distilled-expansion-cask-strength.html]
[paversongames.com/en-ca/blogs/news/tagged/art.html]
[paversongames.com/en-ca/blogs/news/tagged/luthier.html]
[paversongames.com/en-ca/blogs/news/this-calls-for-a-han-guitar-solo.html]
[paversongames.com/en-ca/blogs/news/artists-for-luthier-announced.html]
[paversongames.com/en-ca/pages/user-generator.html]
[paversongames.com/collections/modules/chunk.common_DCmY8Zac.esm.js]
[paversongames.com/collections/modules/client.login-button_8knyv73M.en.esm.js]
[paversongames.com/collections/POST.html]
[paversongames.com/en-ca/blogs/news/tagged/solo.html]
[paversongames.com/collections/all/products/modules/chunk.common_DCmY8Zac.esm.309.delayed]
[paversongames.com/collections/all/products/modules/client.login-button_8knyv73M.en.esm.js]
[paversongames.com/collections/all/products/POST]
[paversongames.com/collections/all/products/distilled-board-game.html]
[paversongames.com/collections/all/products/distilled-africa-middle-east-expansion.html]
[paversongames.com/collections/all/products/distilled-cask-strength-expansion-1.html]
[paversongames.com/collections/all/products/distilled-promo-pack.html]
[paversongames.com/collections/all/products/distilled-metal-coins.html]
[paversongames.com/collections/all/products/distilled-playmat.html]
[paversongames.com/products/distilled-metal-first-player-token.html]
[paversongames.com/cdn/shop/products/Distilled-Metal-First-Player-Token_2_1200x12000f7f.png]
[paversongames.com/products/distilled-metal-first-player-token.oembed]
[paversongames.com/cdn/shop/products/Distilled-Metal-First-Player-Token_20f7f.png]
[paversongames.com/cdn/shop/products/Distilled-Metal-First-Player-Token_2ed10.png]
[paversongames.com/cdn/shop/products/Distilled-Metal-First-Player-Token_33589.png]
[paversongames.com/cdn/shop/products/Distilled-Metal-First-Player-Token_34d60.png]
[paversongames.com/cdn/shop/products/Distilled-Metal-First-Player-Token_2f932.png]
[paversongames.com/cdn/shop/products/Distilled-Metal-First-Player-Token_3afd5.png]
[paversongames.com/collections/all/products/distilled-metal-first-player-token.html]
[paversongames.com/collections/all/products/distilled-metal-recipe-cubes.html]
[paversongames.com/collections/all/products/distilled-shot-glasses-1.html]
[paversongames.com/collections/all/products/distilled-coasters-1.html]
[paversongames.com/pages/modules/chunk.common_DCmY8Zac.esm.js]
[paversongames.com/pages/modules/client.login-button_8knyv73M.en.esm.js]
[paversongames.com/pages/POST.html]
[paversongames.com/blogs/news2679.html]
[paversongames.com/blogs/news/over-half-a-million-dollar.html]
[paversongames.com/cdn/shop/articles/ThanksBackers_0c74c1b3-4c5b-4ff2-b6c1-80e27fcc8e1aa6fb.png]
[paversongames.com/blogs/news/distilled-funded-in-23-minutes.html]
[paversongames.com/cdn/shop/articles/BlogPost_TimeToLauncha442.png]
[paversongames.com/blogs/news4658.html]
[paversongames.com/blogs/modules/chunk.common_DCmY8Zac.esm.js]
[paversongames.com/blogs/modules/client.login-button_8knyv73M.en.esm.js]
[paversongames.com/blogs/POST.html]
[paversongames.com/cdn/shop/articles/label-tools-luthier_1200x12004860.png]
[cdn.shopify.com/s/files/1/0664/4894/9461/files/label-tools-luthier_480x480800e.png]
[paversongames.com/cdn/shop/articles/OriginsGameFair_Covercf95.png]
[paversongames.com/blogs/news/announcing-paverson-games-new-title.html]
[paversongames.com/cdn/shop/articles/OriginsGameFair_Cover_1200x12005ad6.png]
[distilledgame.com/wp-content/uploads/2022/05/origins-promo-809x1024.png]
[distilledgame.com/wp-content/uploads/2022/05/GEN-CON-SOLD-OUT.png]
[paversongames.com/cdn/shop/articles/ThanksBackers_0c74c1b3-4c5b-4ff2-b6c1-80e27fcc8e1a921a.png]
[paversongames.com/blogs/news/distilled-at-origins-and-gencon.html]
[paversongames.com/pages/shipping-returns.html]
[paversongames.com/collections/frontpage/products/modules/chunk.common_DCmY8Zac.esm.32e.delayed]
[paversongames.com/collections/frontpage/products/modules/client.login-button_8knyv73M.en.esm.js]
[paversongames.com/collections/frontpage/products/POST]
[paversongames.com/collections/frontpage/products/distilled-board-game.html]
[paversongames.com/collections/frontpage/products/distilled-africa-middle-east-expansion.html]
[paversongames.com/collections/frontpage/products/distilled-promo-pack.html]
[paversongames.com/collections/frontpage/products/distilled-cask-strength-expansion-1.html]
[paversongames.com/products/modules/chunk.common_DCmY8Zac.esm.js]
[paversongames.com/products/modules/client.login-button_8knyv73M.en.esm.js]
[paversongames.com/products/POST.html]
[paversongames.com/collections/distilled-game/products/modules/chunk.common_DCmY8Zac.esm.js]
[paversongames.com/collections/distilled-game/products/modules/client.login-button_8knyv73M.en.esm.js]
[paversongames.com/collections/distilled-game/products/POST]
[paversongames.com/collections/distilled-game/products/distilled-board-game.html]
[paversongames.com/collections/distilled-game/products/distilled-metal-recipe-cubes.html]
[paversongames.com/collections/distilled-game/products/distilled-metal-coins.html]
[paversongames.com/collections/distilled-game/products/distilled-africa-middle-east-expansion.html]
[paversongames.com/collections/distilled-game/products/distilled-cask-strength-expansion-1.html]
[paversongames.com/collections/distilled-game/products/distilled-playmat.html]
[paversongames.com/collections/distilled-game/products/distilled-coasters-1.html]
[paversongames.com/collections/distilled-game/products/distilled-shot-glasses-1.html]
[paversongames.com/collections/distilled-game/products/distilled-promo-pack.html]
[paversongames.com/collections/distilled-game/products/distilled-metal-first-player-token.html]
[paversongames.com/blogs/news/modules/chunk.common_DCmY8Zac.esm.js]
[paversongames.com/blogs/news/modules/client.login-button_8knyv73M.en.esm.js]
[paversongames.com/blogs/news/POST.html]
[pinterest.com/pin/create/button/index28a6.html]
[paversongames.com/collections/all/products/distilled-cask-strength-expansion.html]
[pinterest.com/pin/create/button/index319a.html]
[pinterest.com/pin/create/button/index8be3.html]
[paversongames.com/blogs/news/tagged/art.atom]
[paversongames.com/blogs/news/tagged/modules/chunk.common_DCmY8Zac.esm.335.delayed]
[paversongames.com/blogs/news/tagged/modules/client.login-button_8knyv73M.en.esm.js]
[paversongames.com/blogs/news/tagged/POST]
[paversongames.com/blogs/news/tagged/art.html]
[paversongames.com/blogs/news/tagged/luthier.atom]
[paversongames.com/blogs/news/tagged/luthier.html]
[paversongames.com/blogs/news/tagged/solo.atom]
[paversongames.com/blogs/news/tagged/solo.html]
[pinterest.com/pin/create/button/index0991.html]
[paversongames.com/en-ca/pages/privacy-policy.html]
[paversongames.com/en-ca/modules/chunk.common_DCmY8Zac.esm.js]
[paversongames.com/en-ca/modules/client.login-button_8knyv73M.en.esm.js]
[paversongames.com/en-ca/POST.html]
[paversongames.com/en-ca/collections/modules/chunk.common_DCmY8Zac.esm.js]
[paversongames.com/en-ca/collections/modules/client.login-button_8knyv73M.en.esm.js]
[paversongames.com/en-ca/collections/POST.html]
[paversongames.com/en-ca/collections/all/products/modules/chunk.common_DCmY8Zac.esm.33a.delayed]
[paversongames.com/en-ca/collections/all/products/modules/client.login-button_8knyv73M.en.esm.js]
[paversongames.com/en-ca/collections/all/products/POST]
[paversongames.com/en-ca/collections/all/products/distilled-board-game-1.html]
[paversongames.com/en-ca/collections/all/products/distilled-africa-middle-east-expansion.html]
[paversongames.com/en-ca/collections/all/products/distilled-cask-strength-expansion.html]
[paversongames.com/en-ca/collections/all/products/distilled-promo-pack-1.html]
[paversongames.com/en-ca/collections/all/products/copy-of-distilled-metal-coins.html]
[paversongames.com/en-ca/collections/all/products/distilled-playmat-1.html]
[paversongames.com/en-ca/collections/all/products/distilled-metal-first-player-token-sold-out.html]
[paversongames.com/en-ca/collections/all/products/distilled-metal-recipe-cubes-1.html]
[paversongames.com/en-ca/products/distilled-coasters.html]
[paversongames.com/cdn/shop/products/Distilled-Coasters_1200x12005397.png]
[paversongames.com/products/distilled-coasters.340.delayed]
[paversongames.com/en-ca/products/distilled-coasters.oembed]
[paversongames.com/cdn/shop/products/Distilled-Coasters5397.png]
[paversongames.com/cdn/shop/products/Distilled-Coastersc2a8.png]
[paversongames.com/cdn/shop/products/Distilled-Coasters_2b464c.png]
[paversongames.com/cdn/shop/products/Distilled-Coasters_2be505.png]
[paversongames.com/cdn/shop/products/Distilled-Coasters_3464c.png]
[paversongames.com/cdn/shop/products/Distilled-Coasters_3e505.png]
[paversongames.com/cdn/shop/products/Distilled-Coasters_4464c.png]
[paversongames.com/cdn/shop/products/Distilled-Coasters_4e505.png]
[paversongames.com/cdn/shop/products/Distilled-Coasterse503.png]
[paversongames.com/cdn/shop/products/Distilled-Coasters_2b761b.png]
[paversongames.com/cdn/shop/products/Distilled-Coasters_3761b.png]
[paversongames.com/cdn/shop/products/Distilled-Coasters_4761b.png]
[paversongames.com/en-ca/collections/all/products/distilled-coasters.html]
[paversongames.com/en-ca/products/distilled-shot-glasses.html]
[paversongames.com/cdn/shop/products/Distilled-Shot-Glass_Front_1200x12003c73.png]
[paversongames.com/products/distilled-shot-glasses]
[paversongames.com/en-ca/products/distilled-shot-glasses.oembed]
[paversongames.com/cdn/shop/products/Distilled-Shot-Glass_Front3c73.png]
[paversongames.com/cdn/shop/products/Distilled-Shot-Glass_Front050c.png]
[paversongames.com/cdn/shop/products/Distilled-Shot-Glass_Back3c73.png]
[paversongames.com/cdn/shop/products/Distilled-Shot-Glass_Back050c.png]
[paversongames.com/cdn/shop/products/Distilled-Shot-Glass_Frontea3f.png]
[paversongames.com/cdn/shop/products/Distilled-Shot-Glass_Backea3f.png]
[paversongames.com/en-ca/collections/all/products/distilled-shot-glasses.html]
[paversongames.com/en-ca/pages/modules/chunk.common_DCmY8Zac.esm.js]
[paversongames.com/en-ca/pages/modules/client.login-button_8knyv73M.en.esm.js]
[paversongames.com/en-ca/pages/POST.html]
[paversongames.com/en-ca/blogs/news2679.html]
[paversongames.com/en-ca/blogs/news/over-half-a-million-dollar.html]
[paversongames.com/en-ca/blogs/news4658.html]
[paversongames.com/en-ca/blogs/modules/chunk.common_DCmY8Zac.esm.js]
[paversongames.com/en-ca/blogs/modules/client.login-button_8knyv73M.en.esm.js]
[paversongames.com/en-ca/blogs/POST.html]
[paversongames.com/en-ca/blogs/news/announcing-paverson-games-new-title.html]
[paversongames.com/en-ca/blogs/news/distilled-at-origins-and-gencon.html]
[paversongames.com/en-ca/pages/shipping-returns.html]
[paversongames.com/en-ca/blogs/news/distilled-funded-in-23-minutes.html]
[paversongames.com/en-ca/collections/frontpage/products/modules/chunk.common_DCmY8Zac.esm.36e.delayed]
[paversongames.com/en-ca/collections/frontpage/products/modules/client.login-button_8knyv73M.en.esm.js]
[paversongames.com/en-ca/collections/frontpage/products/POST]
[paversongames.com/en-ca/collections/frontpage/products/distilled-africa-middle-east-expansion.html]
[paversongames.com/en-ca/collections/frontpage/products/distilled-promo-pack-1.html]
[paversongames.com/en-ca/collections/frontpage/products/distilled-board-game-1.html]
[paversongames.com/en-ca/collections/frontpage/products/distilled-cask-strength-expansion.html]
[paversongames.com/en-ca/products/modules/chunk.common_DCmY8Zac.esm.js]
[paversongames.com/en-ca/products/modules/client.login-button_8knyv73M.en.esm.js]
[paversongames.com/en-ca/products/POST.html]
[paversongames.com/en-ca/products/distilled-board-game.html]
[paversongames.com/products/distilled-promo-pack-1.html]
[paversongames.com/products/distilled-board-game-1.html]
[paversongames.com/en-ca/collections/distilled-game/products/modules/chunk.common_DCmY8Zac.esm.js]
[paversongames.com/en-ca/collections/distilled-game/products/modules/client.login-button_8knyv73M.en.esm.js]
[paversongames.com/en-ca/collections/distilled-game/products/POST]
[paversongames.com/en-ca/collections/distilled-game/products/distilled-board-game-1.html]
[paversongames.com/en-ca/collections/distilled-game/products/distilled-metal-recipe-cubes-1.html]
[paversongames.com/en-ca/collections/distilled-game/products/copy-of-distilled-metal-coins.html]
[paversongames.com/en-ca/collections/distilled-game/products/distilled-africa-middle-east-expansion.html]
[paversongames.com/en-ca/collections/distilled-game/products/distilled-cask-strength-expansion.html]
[paversongames.com/en-ca/collections/distilled-game/products/distilled-playmat-1.html]
[paversongames.com/en-ca/collections/distilled-game/products/distilled-promo-pack-1.html]
[paversongames.com/en-ca/collections/distilled-game/products/distilled-metal-first-player-token-sold-out.html]
[paversongames.com/en-ca/collections/distilled-game/products/distilled-shot-glasses.html]
[paversongames.com/en-ca/collections/distilled-game/products/distilled-coasters.html]
[paversongames.com/products/distilled-metal-recipe-cubes-1.html]
[paversongames.com/products/copy-of-distilled-metal-coins.html]
[paversongames.com/products/distilled-cask-strength-expansion.html]
[paversongames.com/products/distilled-playmat-1.html]
[paversongames.com/products/distilled-metal-first-player-token-sold-out.html]
[paversongames.com/en-ca/blogs/news/modules/chunk.common_DCmY8Zac.esm.js]
[paversongames.com/en-ca/blogs/news/modules/client.login-button_8knyv73M.en.esm.js]
[paversongames.com/en-ca/blogs/news/POST.html]
[pinterest.com/pin/create/button/indexc855.html]
[pinterest.com/pin/create/button/index870b.html]
[pinterest.com/pin/create/button/index1074.html]
[paversongames.com/en-ca/blogs/news/tagged/art.atom]
[paversongames.com/en-ca/blogs/news/tagged/modules/chunk.common_DCmY8Zac.esm.375.delayed]
[paversongames.com/en-ca/blogs/news/tagged/modules/client.login-button_8knyv73M.en.esm.js]
[paversongames.com/en-ca/blogs/news/tagged/POST]
[paversongames.com/en-ca/blogs/news/tagged/art.html]
[paversongames.com/en-ca/blogs/news/tagged/luthier.atom]
[paversongames.com/en-ca/blogs/news/tagged/luthier.html]
[paversongames.com/en-ca/blogs/news/tagged/solo.atom]
[paversongames.com/en-ca/blogs/news/tagged/solo.html]
[pinterest.com/pin/create/button/indexf313.html]
[paversongames.com/checkouts/internal/preloadsb724.js]
[paversongames.com/collections/all/products/modules/chunk.common_DCmY8Zac.esm.js]
[paversongames.com/collections/all/products/modules/client.login-button_8knyv73M.en.esm.js]
[paversongames.com/collections/all/products/POST.html]
[paversongames.com/products/distilled-metal-first-player-token.html]
[paversongames.com/blogs/news2679.html]
[paversongames.com/cdn/shop/articles/ThanksBackers_0c74c1b3-4c5b-4ff2-b6c1-80e27fcc8e1a_1200x1200d750.png]
[distilledgame.com/wp-content/uploads/2021/09/campaign-end-1024x1024.jpg]
[paversongames.com/cdn/shop/articles/BlogPost_TimeToLaunchac16.png]
[paversongames.com/blogs/news/over-half-a-million-dollar.html]
[paversongames.com/cdn/shop/articles/BlogPost_TimeToLaunch_1200x120071ef.png]
[cdn.shopify.com/s/files/1/0664/4894/9461/files/BlogPost_TimeToLaunch_ab2b670d-95e6-4395-9da1-b31ecc4dbd19_1024x1024ebc3.png]
[paversongames.com/blogs/news/distilled-funded-in-23-minutes.html]
[pinterest.com/pin/create/button/index5f88.html]
[pinterest.com/pin/create/button/indexfabb.html]
[paversongames.com/collections/frontpage/products/modules/chunk.common_DCmY8Zac.esm.js]
[paversongames.com/collections/frontpage/products/modules/client.login-button_8knyv73M.en.esm.js]
[paversongames.com/collections/frontpage/products/POST.html]
[paversongames.com/collections/distilled-game/products/modules/chunk.common_DCmY8Zac.esm.js]
[paversongames.com/collections/distilled-game/products/modules/client.login-button_8knyv73M.en.esm.js]
[paversongames.com/collections/distilled-game/products/POST.html]
[pinterest.com/pin/create/button/index2655.html]
[pinterest.com/pin/create/button/indexf3ba.html]
[pinterest.com/pin/create/button/index037e.html]
[paversongames.com/blogs/news/tagged/modules/chunk.common_DCmY8Zac.esm.js]
[paversongames.com/blogs/news/tagged/modules/client.login-button_8knyv73M.en.esm.js]
[paversongames.com/blogs/news/tagged/POST.html]
[pinterest.com/pin/create/button/index6625.html]
[paversongames.com/checkouts/internal/preloads90f6.js]
[paversongames.com/en-ca/collections/all/products/modules/chunk.common_DCmY8Zac.esm.js]
[paversongames.com/en-ca/collections/all/products/modules/client.login-button_8knyv73M.en.esm.js]
[paversongames.com/en-ca/collections/all/products/POST.html]
[paversongames.com/en-ca/products/distilled-coasters.html]
[paversongames.com/products/distilled-coasters.html]
[paversongames.com/en-ca/products/distilled-shot-glasses.html]
[paversongames.com/products/distilled-shot-glasses.html]
[paversongames.com/en-ca/blogs/news2679.html]
[paversongames.com/en-ca/blogs/news/over-half-a-million-dollar.html]
[paversongames.com/en-ca/blogs/news/distilled-funded-in-23-minutes.html]
[pinterest.com/pin/create/button/index7459.html]
[pinterest.com/pin/create/button/index9941.html]
[paversongames.com/en-ca/collections/frontpage/products/modules/chunk.common_DCmY8Zac.esm.js]
[paversongames.com/en-ca/collections/frontpage/products/modules/client.login-button_8knyv73M.en.esm.js]
[paversongames.com/en-ca/collections/frontpage/products/POST.html]
[paversongames.com/en-ca/collections/distilled-game/products/modules/chunk.common_DCmY8Zac.esm.js]
[paversongames.com/en-ca/collections/distilled-game/products/modules/client.login-button_8knyv73M.en.esm.js]
[paversongames.com/en-ca/collections/distilled-game/products/POST.html]
[pinterest.com/pin/create/button/index412a.html]
[pinterest.com/pin/create/button/index4153.html]
[pinterest.com/pin/create/button/index305a.html]
[paversongames.com/en-ca/blogs/news/tagged/modules/chunk.common_DCmY8Zac.esm.js]
[paversongames.com/en-ca/blogs/news/tagged/modules/client.login-button_8knyv73M.en.esm.js]
[paversongames.com/en-ca/blogs/news/tagged/POST.html]
[pinterest.com/pin/create/button/index5364.html]
[pinterest.com/pin/create/button/index106a.html]
[pinterest.com/pin/create/button/index0a1d.html]
[pinterest.com/pin/create/button/index1f67.html]
[pinterest.com/pin/create/button/index2811.html]
[pinterest.com/pin/create/button/index1b9a.html]
[pinterest.com/pin/create/button/indexbffd.html]
[pinterest.com/pin/create/button/index3f5c.html]
[pinterest.com/pin/create/button/index70d1.html]
[pinterest.com/pin/create/button/index01a0.html]
[pinterest.com/pin/create/button/index120a.html]
[pinterest.com/pin/create/button/indexdf14.html]
[pinterest.com/pin/create/button/index4457.html]
